------------------------------------------------------------
Timing Analyzer Summary
------------------------------------------------------------

Type  : Slow 1200mV 85C Model Setup 'BB_SYSTEM_CLOCK_50'
Slack : 0.880
TNS   : 0.000

Type  : Slow 1200mV 85C Model Hold 'BB_SYSTEM_CLOCK_50'
Slack : 0.452
TNS   : 0.000

Type  : Slow 1200mV 85C Model Recovery 'BB_SYSTEM_CLOCK_50'
Slack : 17.444
TNS   : 0.000

Type  : Slow 1200mV 85C Model Removal 'BB_SYSTEM_CLOCK_50'
Slack : 1.743
TNS   : 0.000

Type  : Slow 1200mV 85C Model Minimum Pulse Width 'BB_SYSTEM_CLOCK_50'
Slack : 9.565
TNS   : 0.000

Type  : Slow 1200mV 0C Model Setup 'BB_SYSTEM_CLOCK_50'
Slack : 2.188
TNS   : 0.000

Type  : Slow 1200mV 0C Model Hold 'BB_SYSTEM_CLOCK_50'
Slack : 0.400
TNS   : 0.000

Type  : Slow 1200mV 0C Model Recovery 'BB_SYSTEM_CLOCK_50'
Slack : 17.626
TNS   : 0.000

Type  : Slow 1200mV 0C Model Removal 'BB_SYSTEM_CLOCK_50'
Slack : 1.588
TNS   : 0.000

Type  : Slow 1200mV 0C Model Minimum Pulse Width 'BB_SYSTEM_CLOCK_50'
Slack : 9.467
TNS   : 0.000

Type  : Fast 1200mV 0C Model Setup 'BB_SYSTEM_CLOCK_50'
Slack : 11.706
TNS   : 0.000

Type  : Fast 1200mV 0C Model Hold 'BB_SYSTEM_CLOCK_50'
Slack : 0.186
TNS   : 0.000

Type  : Fast 1200mV 0C Model Recovery 'BB_SYSTEM_CLOCK_50'
Slack : 18.783
TNS   : 0.000

Type  : Fast 1200mV 0C Model Removal 'BB_SYSTEM_CLOCK_50'
Slack : 0.740
TNS   : 0.000

Type  : Fast 1200mV 0C Model Minimum Pulse Width 'BB_SYSTEM_CLOCK_50'
Slack : 9.234
TNS   : 0.000

------------------------------------------------------------
