------------------------------------------------------------
Timing Analyzer Summary
------------------------------------------------------------

Type  : Slow 1200mV 85C Model Setup 'BB_SYSTEM_CLOCK_50'
Slack : 2.518
TNS   : 0.000

Type  : Slow 1200mV 85C Model Hold 'BB_SYSTEM_CLOCK_50'
Slack : 0.452
TNS   : 0.000

Type  : Slow 1200mV 85C Model Recovery 'BB_SYSTEM_CLOCK_50'
Slack : 16.794
TNS   : 0.000

Type  : Slow 1200mV 85C Model Removal 'BB_SYSTEM_CLOCK_50'
Slack : 2.258
TNS   : 0.000

Type  : Slow 1200mV 85C Model Minimum Pulse Width 'BB_SYSTEM_CLOCK_50'
Slack : 9.624
TNS   : 0.000

Type  : Slow 1200mV 0C Model Setup 'BB_SYSTEM_CLOCK_50'
Slack : 3.762
TNS   : 0.000

Type  : Slow 1200mV 0C Model Hold 'BB_SYSTEM_CLOCK_50'
Slack : 0.400
TNS   : 0.000

Type  : Slow 1200mV 0C Model Recovery 'BB_SYSTEM_CLOCK_50'
Slack : 16.981
TNS   : 0.000

Type  : Slow 1200mV 0C Model Removal 'BB_SYSTEM_CLOCK_50'
Slack : 2.032
TNS   : 0.000

Type  : Slow 1200mV 0C Model Minimum Pulse Width 'BB_SYSTEM_CLOCK_50'
Slack : 9.510
TNS   : 0.000

Type  : Fast 1200mV 0C Model Setup 'BB_SYSTEM_CLOCK_50'
Slack : 12.201
TNS   : 0.000

Type  : Fast 1200mV 0C Model Hold 'BB_SYSTEM_CLOCK_50'
Slack : 0.186
TNS   : 0.000

Type  : Fast 1200mV 0C Model Recovery 'BB_SYSTEM_CLOCK_50'
Slack : 18.527
TNS   : 0.000

Type  : Fast 1200mV 0C Model Removal 'BB_SYSTEM_CLOCK_50'
Slack : 0.966
TNS   : 0.000

Type  : Fast 1200mV 0C Model Minimum Pulse Width 'BB_SYSTEM_CLOCK_50'
Slack : 9.261
TNS   : 0.000

------------------------------------------------------------
