Analysis & Synthesis report for BB_SYSTEM
Mon Oct 18 11:06:30 2021
Quartus Prime Version 19.1.0 Build 670 09/22/2019 SJ Lite Edition


---------------------
; Table of Contents ;
---------------------
  1. Legal Notice
  2. Analysis & Synthesis Summary
  3. Analysis & Synthesis Settings
  4. Parallel Compilation
  5. Analysis & Synthesis Source Files Read
  6. Analysis & Synthesis Resource Usage Summary
  7. Analysis & Synthesis Resource Utilization by Entity
  8. State Machine - |BB_SYSTEM|POS_CALCULATOR:U0|SC_STATEMACHINE_MULT:mult_machine|STATE_Register
  9. Registers Removed During Synthesis
 10. Removed Registers Triggering Further Register Optimizations
 11. General Register Statistics
 12. Inverted Register Statistics
 13. Multiplexer Restructuring Statistics (Restructuring Performed)
 14. Parameter Settings for User Entity Instance: Top-level Entity: |BB_SYSTEM
 15. Parameter Settings for User Entity Instance: POS_CALCULATOR:U0
 16. Parameter Settings for User Entity Instance: POS_CALCULATOR:U0|qmults:mult_vx
 17. Parameter Settings for User Entity Instance: POS_CALCULATOR:U0|SC_REGGENERAL:register_mult_vx
 18. Parameter Settings for User Entity Instance: POS_CALCULATOR:U0|qadd:add_vx
 19. Parameter Settings for User Entity Instance: POS_CALCULATOR:U0|SC_REGACC:reg_accumulator_posx
 20. Parameter Settings for User Entity Instance: POS_CALCULATOR:U0|qmults:mult_vy
 21. Parameter Settings for User Entity Instance: POS_CALCULATOR:U0|SC_REGGENERAL:register_mult_vy
 22. Parameter Settings for User Entity Instance: POS_CALCULATOR:U0|qadd:add_vy
 23. Parameter Settings for User Entity Instance: POS_CALCULATOR:U0|SC_REGACC:reg_accumulator_posy
 24. Parameter Settings for User Entity Instance: POS_CALCULATOR:U0|qmults:mult_vz
 25. Parameter Settings for User Entity Instance: POS_CALCULATOR:U0|SC_REGGENERAL:register_mult_vz
 26. Parameter Settings for User Entity Instance: POS_CALCULATOR:U0|qadd:add_vz
 27. Parameter Settings for User Entity Instance: POS_CALCULATOR:U0|SC_REGACC:reg_accumulator_theta
 28. Port Connectivity Checks: "POS_CALCULATOR:U0|qmults:mult_vz"
 29. Port Connectivity Checks: "POS_CALCULATOR:U0|qmults:mult_vy"
 30. Port Connectivity Checks: "POS_CALCULATOR:U0|qmults:mult_vx"
 31. Post-Synthesis Netlist Statistics for Top Partition
 32. Elapsed Time Per Partition
 33. Analysis & Synthesis Messages
 34. Analysis & Synthesis Suppressed Messages



----------------
; Legal Notice ;
----------------
Copyright (C) 2019  Intel Corporation. All rights reserved.
Your use of Intel Corporation's design tools, logic functions 
and other software and tools, and any partner logic 
functions, and any output files from any of the foregoing 
(including device programming or simulation files), and any 
associated documentation or information are expressly subject 
to the terms and conditions of the Intel Program License 
Subscription Agreement, the Intel Quartus Prime License Agreement,
the Intel FPGA IP License Agreement, or other applicable license
agreement, including, without limitation, that your use is for
the sole purpose of programming logic devices manufactured by
Intel and sold by Intel or its authorized distributors.  Please
refer to the applicable agreement for further details, at
https://fpgasoftware.intel.com/eula.



+----------------------------------------------------------------------------------+
; Analysis & Synthesis Summary                                                     ;
+------------------------------------+---------------------------------------------+
; Analysis & Synthesis Status        ; Successful - Mon Oct 18 11:06:30 2021       ;
; Quartus Prime Version              ; 19.1.0 Build 670 09/22/2019 SJ Lite Edition ;
; Revision Name                      ; BB_SYSTEM                                   ;
; Top-level Entity Name              ; BB_SYSTEM                                   ;
; Family                             ; Cyclone IV E                                ;
; Total logic elements               ; 1,204                                       ;
;     Total combinational functions  ; 1,011                                       ;
;     Dedicated logic registers      ; 565                                         ;
; Total registers                    ; 565                                         ;
; Total pins                         ; 195                                         ;
; Total virtual pins                 ; 0                                           ;
; Total memory bits                  ; 0                                           ;
; Embedded Multiplier 9-bit elements ; 0                                           ;
; Total PLLs                         ; 0                                           ;
+------------------------------------+---------------------------------------------+


+------------------------------------------------------------------------------------------------------------+
; Analysis & Synthesis Settings                                                                              ;
+------------------------------------------------------------------+--------------------+--------------------+
; Option                                                           ; Setting            ; Default Value      ;
+------------------------------------------------------------------+--------------------+--------------------+
; Device                                                           ; EP4CE6E22C8        ;                    ;
; Top-level entity name                                            ; BB_SYSTEM          ; BB_SYSTEM          ;
; Family name                                                      ; Cyclone IV E       ; Cyclone V          ;
; Use smart compilation                                            ; Off                ; Off                ;
; Enable parallel Assembler and Timing Analyzer during compilation ; On                 ; On                 ;
; Enable compact report table                                      ; Off                ; Off                ;
; Restructure Multiplexers                                         ; Auto               ; Auto               ;
; Create Debugging Nodes for IP Cores                              ; Off                ; Off                ;
; Preserve fewer node names                                        ; On                 ; On                 ;
; Intel FPGA IP Evaluation Mode                                    ; Enable             ; Enable             ;
; Verilog Version                                                  ; Verilog_2001       ; Verilog_2001       ;
; VHDL Version                                                     ; VHDL_1993          ; VHDL_1993          ;
; State Machine Processing                                         ; Auto               ; Auto               ;
; Safe State Machine                                               ; Off                ; Off                ;
; Extract Verilog State Machines                                   ; On                 ; On                 ;
; Extract VHDL State Machines                                      ; On                 ; On                 ;
; Ignore Verilog initial constructs                                ; Off                ; Off                ;
; Iteration limit for constant Verilog loops                       ; 5000               ; 5000               ;
; Iteration limit for non-constant Verilog loops                   ; 250                ; 250                ;
; Add Pass-Through Logic to Inferred RAMs                          ; On                 ; On                 ;
; Infer RAMs from Raw Logic                                        ; On                 ; On                 ;
; Parallel Synthesis                                               ; On                 ; On                 ;
; DSP Block Balancing                                              ; Auto               ; Auto               ;
; NOT Gate Push-Back                                               ; On                 ; On                 ;
; Power-Up Don't Care                                              ; On                 ; On                 ;
; Remove Redundant Logic Cells                                     ; Off                ; Off                ;
; Remove Duplicate Registers                                       ; On                 ; On                 ;
; Ignore CARRY Buffers                                             ; Off                ; Off                ;
; Ignore CASCADE Buffers                                           ; Off                ; Off                ;
; Ignore GLOBAL Buffers                                            ; Off                ; Off                ;
; Ignore ROW GLOBAL Buffers                                        ; Off                ; Off                ;
; Ignore LCELL Buffers                                             ; Off                ; Off                ;
; Ignore SOFT Buffers                                              ; On                 ; On                 ;
; Limit AHDL Integers to 32 Bits                                   ; Off                ; Off                ;
; Optimization Technique                                           ; Balanced           ; Balanced           ;
; Carry Chain Length                                               ; 70                 ; 70                 ;
; Auto Carry Chains                                                ; On                 ; On                 ;
; Auto Open-Drain Pins                                             ; On                 ; On                 ;
; Perform WYSIWYG Primitive Resynthesis                            ; Off                ; Off                ;
; Auto ROM Replacement                                             ; On                 ; On                 ;
; Auto RAM Replacement                                             ; On                 ; On                 ;
; Auto DSP Block Replacement                                       ; On                 ; On                 ;
; Auto Shift Register Replacement                                  ; Auto               ; Auto               ;
; Allow Shift Register Merging across Hierarchies                  ; Auto               ; Auto               ;
; Auto Clock Enable Replacement                                    ; On                 ; On                 ;
; Strict RAM Replacement                                           ; Off                ; Off                ;
; Allow Synchronous Control Signals                                ; On                 ; On                 ;
; Force Use of Synchronous Clear Signals                           ; Off                ; Off                ;
; Auto RAM Block Balancing                                         ; On                 ; On                 ;
; Auto RAM to Logic Cell Conversion                                ; Off                ; Off                ;
; Auto Resource Sharing                                            ; Off                ; Off                ;
; Allow Any RAM Size For Recognition                               ; Off                ; Off                ;
; Allow Any ROM Size For Recognition                               ; Off                ; Off                ;
; Allow Any Shift Register Size For Recognition                    ; Off                ; Off                ;
; Use LogicLock Constraints during Resource Balancing              ; On                 ; On                 ;
; Ignore translate_off and synthesis_off directives                ; Off                ; Off                ;
; Timing-Driven Synthesis                                          ; On                 ; On                 ;
; Report Parameter Settings                                        ; On                 ; On                 ;
; Report Source Assignments                                        ; On                 ; On                 ;
; Report Connectivity Checks                                       ; On                 ; On                 ;
; Ignore Maximum Fan-Out Assignments                               ; Off                ; Off                ;
; Synchronization Register Chain Length                            ; 2                  ; 2                  ;
; Power Optimization During Synthesis                              ; Normal compilation ; Normal compilation ;
; HDL message level                                                ; Level2             ; Level2             ;
; Suppress Register Optimization Related Messages                  ; Off                ; Off                ;
; Number of Removed Registers Reported in Synthesis Report         ; 5000               ; 5000               ;
; Number of Swept Nodes Reported in Synthesis Report               ; 5000               ; 5000               ;
; Number of Inverted Registers Reported in Synthesis Report        ; 100                ; 100                ;
; Clock MUX Protection                                             ; On                 ; On                 ;
; Auto Gated Clock Conversion                                      ; Off                ; Off                ;
; Block Design Naming                                              ; Auto               ; Auto               ;
; SDC constraint protection                                        ; Off                ; Off                ;
; Synthesis Effort                                                 ; Auto               ; Auto               ;
; Shift Register Replacement - Allow Asynchronous Clear Signal     ; On                 ; On                 ;
; Pre-Mapping Resynthesis Optimization                             ; Off                ; Off                ;
; Analysis & Synthesis Message Level                               ; Medium             ; Medium             ;
; Disable Register Merging Across Hierarchies                      ; Auto               ; Auto               ;
; Resource Aware Inference For Block RAM                           ; On                 ; On                 ;
+------------------------------------------------------------------+--------------------+--------------------+


+------------------------------------------+
; Parallel Compilation                     ;
+----------------------------+-------------+
; Processors                 ; Number      ;
+----------------------------+-------------+
; Number detected on machine ; 4           ;
; Maximum allowed            ; 2           ;
;                            ;             ;
; Average used               ; 1.00        ;
; Maximum used               ; 2           ;
;                            ;             ;
; Usage by Processor         ; % Time Used ;
;     Processor 1            ; 100.0%      ;
;     Processor 2            ;   0.1%      ;
+----------------------------+-------------+


+-----------------------------------------------------------------------------------------------------------------------------------------------------------------------------------------------------+
; Analysis & Synthesis Source Files Read                                                                                                                                                              ;
+------------------------------------------+-----------------+------------------------+-----------------------------------------------------------------------------------------------------+---------+
; File Name with User-Entered Path         ; Used in Netlist ; File Type              ; File Name with Absolute Path                                                                        ; Library ;
+------------------------------------------+-----------------+------------------------+-----------------------------------------------------------------------------------------------------+---------+
; ../RTL_COMPONENTS/SC_STATEMACHINE_MULT.v ; yes             ; User Verilog HDL File  ; C:/Users/USUARIO WINDOWS/Desktop/Proyecto de Grado/FPGA-robot/RTL_COMPONENTS/SC_STATEMACHINE_MULT.v ;         ;
; ../RTL_COMPONENTS/SC_REGGENERAL.v        ; yes             ; User Verilog HDL File  ; C:/Users/USUARIO WINDOWS/Desktop/Proyecto de Grado/FPGA-robot/RTL_COMPONENTS/SC_REGGENERAL.v        ;         ;
; ../RTL_COMPONENTS/qmults.v               ; yes             ; User Verilog HDL File  ; C:/Users/USUARIO WINDOWS/Desktop/Proyecto de Grado/FPGA-robot/RTL_COMPONENTS/qmults.v               ;         ;
; ../RTL_COMPONENTS/qadd.v                 ; yes             ; User Verilog HDL File  ; C:/Users/USUARIO WINDOWS/Desktop/Proyecto de Grado/FPGA-robot/RTL_COMPONENTS/qadd.v                 ;         ;
; BB_SYSTEM.v                              ; yes             ; User Verilog HDL File  ; C:/Users/USUARIO WINDOWS/Desktop/Proyecto de Grado/FPGA-robot/Position_calculator/BB_SYSTEM.v       ;         ;
; ../RTL_COMPONENTS/POS_CALCULATOR.v       ; yes             ; User Verilog HDL File  ; C:/Users/USUARIO WINDOWS/Desktop/Proyecto de Grado/FPGA-robot/RTL_COMPONENTS/POS_CALCULATOR.v       ;         ;
; ../RTL_COMPONENTS/SC_REGACC.v            ; yes             ; User Verilog HDL File  ; C:/Users/USUARIO WINDOWS/Desktop/Proyecto de Grado/FPGA-robot/RTL_COMPONENTS/SC_REGACC.v            ;         ;
+------------------------------------------+-----------------+------------------------+-----------------------------------------------------------------------------------------------------+---------+


+------------------------------------------------------------------------+
; Analysis & Synthesis Resource Usage Summary                            ;
+---------------------------------------------+--------------------------+
; Resource                                    ; Usage                    ;
+---------------------------------------------+--------------------------+
; Estimated Total logic elements              ; 1,204                    ;
;                                             ;                          ;
; Total combinational functions               ; 1011                     ;
; Logic element usage by number of LUT inputs ;                          ;
;     -- 4 input functions                    ; 336                      ;
;     -- 3 input functions                    ; 589                      ;
;     -- <=2 input functions                  ; 86                       ;
;                                             ;                          ;
; Logic elements by mode                      ;                          ;
;     -- normal mode                          ; 472                      ;
;     -- arithmetic mode                      ; 539                      ;
;                                             ;                          ;
; Total registers                             ; 565                      ;
;     -- Dedicated logic registers            ; 565                      ;
;     -- I/O registers                        ; 0                        ;
;                                             ;                          ;
; I/O pins                                    ; 195                      ;
;                                             ;                          ;
; Embedded Multiplier 9-bit elements          ; 0                        ;
;                                             ;                          ;
; Maximum fan-out node                        ; BB_SYSTEM_CLOCK_50~input ;
; Maximum fan-out                             ; 565                      ;
; Total fan-out                               ; 5656                     ;
; Average fan-out                             ; 2.88                     ;
+---------------------------------------------+--------------------------+


+-----------------------------------------------------------------------------------------------------------------------------------------------------------------------------------------------------------------------------------------------------------------------------+
; Analysis & Synthesis Resource Utilization by Entity                                                                                                                                                                                                                         ;
+-------------------------------------------+---------------------+---------------------------+-------------+--------------+---------+-----------+------+--------------+----------------------------------------------------------------+----------------------+--------------+
; Compilation Hierarchy Node                ; Combinational ALUTs ; Dedicated Logic Registers ; Memory Bits ; DSP Elements ; DSP 9x9 ; DSP 18x18 ; Pins ; Virtual Pins ; Full Hierarchy Name                                            ; Entity Name          ; Library Name ;
+-------------------------------------------+---------------------+---------------------------+-------------+--------------+---------+-----------+------+--------------+----------------------------------------------------------------+----------------------+--------------+
; |BB_SYSTEM                                ; 1011 (0)            ; 565 (0)                   ; 0           ; 0            ; 0       ; 0         ; 195  ; 0            ; |BB_SYSTEM                                                     ; BB_SYSTEM            ; work         ;
;    |POS_CALCULATOR:U0|                    ; 1011 (35)           ; 565 (21)                  ; 0           ; 0            ; 0       ; 0         ; 0    ; 0            ; |BB_SYSTEM|POS_CALCULATOR:U0                                   ; POS_CALCULATOR       ; work         ;
;       |SC_REGACC:reg_accumulator_posx|    ; 6 (6)               ; 32 (32)                   ; 0           ; 0            ; 0       ; 0         ; 0    ; 0            ; |BB_SYSTEM|POS_CALCULATOR:U0|SC_REGACC:reg_accumulator_posx    ; SC_REGACC            ; work         ;
;       |SC_REGACC:reg_accumulator_posy|    ; 4 (4)               ; 32 (32)                   ; 0           ; 0            ; 0       ; 0         ; 0    ; 0            ; |BB_SYSTEM|POS_CALCULATOR:U0|SC_REGACC:reg_accumulator_posy    ; SC_REGACC            ; work         ;
;       |SC_REGACC:reg_accumulator_theta|   ; 17 (17)             ; 32 (32)                   ; 0           ; 0            ; 0       ; 0         ; 0    ; 0            ; |BB_SYSTEM|POS_CALCULATOR:U0|SC_REGACC:reg_accumulator_theta   ; SC_REGACC            ; work         ;
;       |SC_REGGENERAL:register_mult_vx|    ; 0 (0)               ; 32 (32)                   ; 0           ; 0            ; 0       ; 0         ; 0    ; 0            ; |BB_SYSTEM|POS_CALCULATOR:U0|SC_REGGENERAL:register_mult_vx    ; SC_REGGENERAL        ; work         ;
;       |SC_REGGENERAL:register_mult_vy|    ; 0 (0)               ; 32 (32)                   ; 0           ; 0            ; 0       ; 0         ; 0    ; 0            ; |BB_SYSTEM|POS_CALCULATOR:U0|SC_REGGENERAL:register_mult_vy    ; SC_REGGENERAL        ; work         ;
;       |SC_REGGENERAL:register_mult_vz|    ; 0 (0)               ; 32 (32)                   ; 0           ; 0            ; 0       ; 0         ; 0    ; 0            ; |BB_SYSTEM|POS_CALCULATOR:U0|SC_REGGENERAL:register_mult_vz    ; SC_REGGENERAL        ; work         ;
;       |SC_STATEMACHINE_MULT:mult_machine| ; 2 (2)               ; 3 (3)                     ; 0           ; 0            ; 0       ; 0         ; 0    ; 0            ; |BB_SYSTEM|POS_CALCULATOR:U0|SC_STATEMACHINE_MULT:mult_machine ; SC_STATEMACHINE_MULT ; work         ;
;       |qadd:add_vx|                       ; 207 (207)           ; 0 (0)                     ; 0           ; 0            ; 0       ; 0         ; 0    ; 0            ; |BB_SYSTEM|POS_CALCULATOR:U0|qadd:add_vx                       ; qadd                 ; work         ;
;       |qadd:add_vy|                       ; 208 (208)           ; 0 (0)                     ; 0           ; 0            ; 0       ; 0         ; 0    ; 0            ; |BB_SYSTEM|POS_CALCULATOR:U0|qadd:add_vy                       ; qadd                 ; work         ;
;       |qadd:add_vz|                       ; 199 (199)           ; 0 (0)                     ; 0           ; 0            ; 0       ; 0         ; 0    ; 0            ; |BB_SYSTEM|POS_CALCULATOR:U0|qadd:add_vz                       ; qadd                 ; work         ;
;       |qmults:mult_vx|                    ; 151 (151)           ; 150 (150)                 ; 0           ; 0            ; 0       ; 0         ; 0    ; 0            ; |BB_SYSTEM|POS_CALCULATOR:U0|qmults:mult_vx                    ; qmults               ; work         ;
;       |qmults:mult_vy|                    ; 69 (69)             ; 75 (75)                   ; 0           ; 0            ; 0       ; 0         ; 0    ; 0            ; |BB_SYSTEM|POS_CALCULATOR:U0|qmults:mult_vy                    ; qmults               ; work         ;
;       |qmults:mult_vz|                    ; 113 (113)           ; 124 (124)                 ; 0           ; 0            ; 0       ; 0         ; 0    ; 0            ; |BB_SYSTEM|POS_CALCULATOR:U0|qmults:mult_vz                    ; qmults               ; work         ;
+-------------------------------------------+---------------------+---------------------------+-------------+--------------+---------+-----------+------+--------------+----------------------------------------------------------------+----------------------+--------------+
Note: For table entries with two numbers listed, the numbers in parentheses indicate the number of resources of the given type used by the specific entity alone. The numbers listed outside of parentheses indicate the total resources of the given type used by the specific entity and all of its sub-entities in the hierarchy.


Encoding Type:  One-Hot
+----------------------------------------------------------------------------------------------------------------+
; State Machine - |BB_SYSTEM|POS_CALCULATOR:U0|SC_STATEMACHINE_MULT:mult_machine|STATE_Register                  ;
+------------------------------+-------------------+------------------------------+------------------------------+
; Name                         ; STATE_Register.00 ; STATE_Register.STATE_CHECK_0 ; STATE_Register.STATE_START_0 ;
+------------------------------+-------------------+------------------------------+------------------------------+
; STATE_Register.00            ; 0                 ; 0                            ; 0                            ;
; STATE_Register.STATE_START_0 ; 1                 ; 0                            ; 1                            ;
; STATE_Register.STATE_CHECK_0 ; 1                 ; 1                            ; 0                            ;
+------------------------------+-------------------+------------------------------+------------------------------+


+-------------------------------------------------------------------------------------------------------------------------------------+
; Registers Removed During Synthesis                                                                                                  ;
+--------------------------------------------------------------+----------------------------------------------------------------------+
; Register name                                                ; Reason for Removal                                                   ;
+--------------------------------------------------------------+----------------------------------------------------------------------+
; POS_CALCULATOR:U0|qmults:mult_vz|reg_multiplicand_temp[31]   ; Stuck at GND due to stuck port data_in                               ;
; POS_CALCULATOR:U0|qmults:mult_vy|reg_multiplicand_temp[31]   ; Stuck at GND due to stuck port data_in                               ;
; POS_CALCULATOR:U0|qmults:mult_vx|reg_multiplicand_temp[31]   ; Stuck at GND due to stuck port data_in                               ;
; POS_CALCULATOR:U0|qmults:mult_vy|reg_done                    ; Merged with POS_CALCULATOR:U0|qmults:mult_vx|reg_done                ;
; POS_CALCULATOR:U0|qmults:mult_vz|reg_done                    ; Merged with POS_CALCULATOR:U0|qmults:mult_vx|reg_done                ;
; POS_CALCULATOR:U0|qmults:mult_vy|reg_count[5]                ; Merged with POS_CALCULATOR:U0|qmults:mult_vx|reg_count[5]            ;
; POS_CALCULATOR:U0|qmults:mult_vz|reg_count[5]                ; Merged with POS_CALCULATOR:U0|qmults:mult_vx|reg_count[5]            ;
; POS_CALCULATOR:U0|qmults:mult_vy|reg_count[31]               ; Merged with POS_CALCULATOR:U0|qmults:mult_vx|reg_count[31]           ;
; POS_CALCULATOR:U0|qmults:mult_vz|reg_count[31]               ; Merged with POS_CALCULATOR:U0|qmults:mult_vx|reg_count[31]           ;
; POS_CALCULATOR:U0|qmults:mult_vy|reg_count[30]               ; Merged with POS_CALCULATOR:U0|qmults:mult_vx|reg_count[30]           ;
; POS_CALCULATOR:U0|qmults:mult_vz|reg_count[30]               ; Merged with POS_CALCULATOR:U0|qmults:mult_vx|reg_count[30]           ;
; POS_CALCULATOR:U0|qmults:mult_vy|reg_count[29]               ; Merged with POS_CALCULATOR:U0|qmults:mult_vx|reg_count[29]           ;
; POS_CALCULATOR:U0|qmults:mult_vz|reg_count[29]               ; Merged with POS_CALCULATOR:U0|qmults:mult_vx|reg_count[29]           ;
; POS_CALCULATOR:U0|qmults:mult_vy|reg_count[28]               ; Merged with POS_CALCULATOR:U0|qmults:mult_vx|reg_count[28]           ;
; POS_CALCULATOR:U0|qmults:mult_vz|reg_count[28]               ; Merged with POS_CALCULATOR:U0|qmults:mult_vx|reg_count[28]           ;
; POS_CALCULATOR:U0|qmults:mult_vy|reg_count[27]               ; Merged with POS_CALCULATOR:U0|qmults:mult_vx|reg_count[27]           ;
; POS_CALCULATOR:U0|qmults:mult_vz|reg_count[27]               ; Merged with POS_CALCULATOR:U0|qmults:mult_vx|reg_count[27]           ;
; POS_CALCULATOR:U0|qmults:mult_vy|reg_count[26]               ; Merged with POS_CALCULATOR:U0|qmults:mult_vx|reg_count[26]           ;
; POS_CALCULATOR:U0|qmults:mult_vz|reg_count[26]               ; Merged with POS_CALCULATOR:U0|qmults:mult_vx|reg_count[26]           ;
; POS_CALCULATOR:U0|qmults:mult_vy|reg_count[25]               ; Merged with POS_CALCULATOR:U0|qmults:mult_vx|reg_count[25]           ;
; POS_CALCULATOR:U0|qmults:mult_vz|reg_count[25]               ; Merged with POS_CALCULATOR:U0|qmults:mult_vx|reg_count[25]           ;
; POS_CALCULATOR:U0|qmults:mult_vy|reg_count[24]               ; Merged with POS_CALCULATOR:U0|qmults:mult_vx|reg_count[24]           ;
; POS_CALCULATOR:U0|qmults:mult_vz|reg_count[24]               ; Merged with POS_CALCULATOR:U0|qmults:mult_vx|reg_count[24]           ;
; POS_CALCULATOR:U0|qmults:mult_vy|reg_count[23]               ; Merged with POS_CALCULATOR:U0|qmults:mult_vx|reg_count[23]           ;
; POS_CALCULATOR:U0|qmults:mult_vz|reg_count[23]               ; Merged with POS_CALCULATOR:U0|qmults:mult_vx|reg_count[23]           ;
; POS_CALCULATOR:U0|qmults:mult_vy|reg_count[22]               ; Merged with POS_CALCULATOR:U0|qmults:mult_vx|reg_count[22]           ;
; POS_CALCULATOR:U0|qmults:mult_vz|reg_count[22]               ; Merged with POS_CALCULATOR:U0|qmults:mult_vx|reg_count[22]           ;
; POS_CALCULATOR:U0|qmults:mult_vy|reg_count[21]               ; Merged with POS_CALCULATOR:U0|qmults:mult_vx|reg_count[21]           ;
; POS_CALCULATOR:U0|qmults:mult_vz|reg_count[21]               ; Merged with POS_CALCULATOR:U0|qmults:mult_vx|reg_count[21]           ;
; POS_CALCULATOR:U0|qmults:mult_vy|reg_count[20]               ; Merged with POS_CALCULATOR:U0|qmults:mult_vx|reg_count[20]           ;
; POS_CALCULATOR:U0|qmults:mult_vz|reg_count[20]               ; Merged with POS_CALCULATOR:U0|qmults:mult_vx|reg_count[20]           ;
; POS_CALCULATOR:U0|qmults:mult_vy|reg_count[19]               ; Merged with POS_CALCULATOR:U0|qmults:mult_vx|reg_count[19]           ;
; POS_CALCULATOR:U0|qmults:mult_vz|reg_count[19]               ; Merged with POS_CALCULATOR:U0|qmults:mult_vx|reg_count[19]           ;
; POS_CALCULATOR:U0|qmults:mult_vy|reg_count[18]               ; Merged with POS_CALCULATOR:U0|qmults:mult_vx|reg_count[18]           ;
; POS_CALCULATOR:U0|qmults:mult_vz|reg_count[18]               ; Merged with POS_CALCULATOR:U0|qmults:mult_vx|reg_count[18]           ;
; POS_CALCULATOR:U0|qmults:mult_vy|reg_count[17]               ; Merged with POS_CALCULATOR:U0|qmults:mult_vx|reg_count[17]           ;
; POS_CALCULATOR:U0|qmults:mult_vz|reg_count[17]               ; Merged with POS_CALCULATOR:U0|qmults:mult_vx|reg_count[17]           ;
; POS_CALCULATOR:U0|qmults:mult_vy|reg_count[16]               ; Merged with POS_CALCULATOR:U0|qmults:mult_vx|reg_count[16]           ;
; POS_CALCULATOR:U0|qmults:mult_vz|reg_count[16]               ; Merged with POS_CALCULATOR:U0|qmults:mult_vx|reg_count[16]           ;
; POS_CALCULATOR:U0|qmults:mult_vy|reg_count[15]               ; Merged with POS_CALCULATOR:U0|qmults:mult_vx|reg_count[15]           ;
; POS_CALCULATOR:U0|qmults:mult_vz|reg_count[15]               ; Merged with POS_CALCULATOR:U0|qmults:mult_vx|reg_count[15]           ;
; POS_CALCULATOR:U0|qmults:mult_vy|reg_count[14]               ; Merged with POS_CALCULATOR:U0|qmults:mult_vx|reg_count[14]           ;
; POS_CALCULATOR:U0|qmults:mult_vz|reg_count[14]               ; Merged with POS_CALCULATOR:U0|qmults:mult_vx|reg_count[14]           ;
; POS_CALCULATOR:U0|qmults:mult_vy|reg_count[13]               ; Merged with POS_CALCULATOR:U0|qmults:mult_vx|reg_count[13]           ;
; POS_CALCULATOR:U0|qmults:mult_vz|reg_count[13]               ; Merged with POS_CALCULATOR:U0|qmults:mult_vx|reg_count[13]           ;
; POS_CALCULATOR:U0|qmults:mult_vy|reg_count[12]               ; Merged with POS_CALCULATOR:U0|qmults:mult_vx|reg_count[12]           ;
; POS_CALCULATOR:U0|qmults:mult_vz|reg_count[12]               ; Merged with POS_CALCULATOR:U0|qmults:mult_vx|reg_count[12]           ;
; POS_CALCULATOR:U0|qmults:mult_vy|reg_count[11]               ; Merged with POS_CALCULATOR:U0|qmults:mult_vx|reg_count[11]           ;
; POS_CALCULATOR:U0|qmults:mult_vz|reg_count[11]               ; Merged with POS_CALCULATOR:U0|qmults:mult_vx|reg_count[11]           ;
; POS_CALCULATOR:U0|qmults:mult_vy|reg_count[10]               ; Merged with POS_CALCULATOR:U0|qmults:mult_vx|reg_count[10]           ;
; POS_CALCULATOR:U0|qmults:mult_vz|reg_count[10]               ; Merged with POS_CALCULATOR:U0|qmults:mult_vx|reg_count[10]           ;
; POS_CALCULATOR:U0|qmults:mult_vy|reg_count[9]                ; Merged with POS_CALCULATOR:U0|qmults:mult_vx|reg_count[9]            ;
; POS_CALCULATOR:U0|qmults:mult_vz|reg_count[9]                ; Merged with POS_CALCULATOR:U0|qmults:mult_vx|reg_count[9]            ;
; POS_CALCULATOR:U0|qmults:mult_vy|reg_count[8]                ; Merged with POS_CALCULATOR:U0|qmults:mult_vx|reg_count[8]            ;
; POS_CALCULATOR:U0|qmults:mult_vz|reg_count[8]                ; Merged with POS_CALCULATOR:U0|qmults:mult_vx|reg_count[8]            ;
; POS_CALCULATOR:U0|qmults:mult_vy|reg_count[7]                ; Merged with POS_CALCULATOR:U0|qmults:mult_vx|reg_count[7]            ;
; POS_CALCULATOR:U0|qmults:mult_vz|reg_count[7]                ; Merged with POS_CALCULATOR:U0|qmults:mult_vx|reg_count[7]            ;
; POS_CALCULATOR:U0|qmults:mult_vy|reg_count[6]                ; Merged with POS_CALCULATOR:U0|qmults:mult_vx|reg_count[6]            ;
; POS_CALCULATOR:U0|qmults:mult_vz|reg_count[6]                ; Merged with POS_CALCULATOR:U0|qmults:mult_vx|reg_count[6]            ;
; POS_CALCULATOR:U0|qmults:mult_vy|reg_count[4]                ; Merged with POS_CALCULATOR:U0|qmults:mult_vx|reg_count[4]            ;
; POS_CALCULATOR:U0|qmults:mult_vz|reg_count[4]                ; Merged with POS_CALCULATOR:U0|qmults:mult_vx|reg_count[4]            ;
; POS_CALCULATOR:U0|qmults:mult_vy|reg_count[3]                ; Merged with POS_CALCULATOR:U0|qmults:mult_vx|reg_count[3]            ;
; POS_CALCULATOR:U0|qmults:mult_vz|reg_count[3]                ; Merged with POS_CALCULATOR:U0|qmults:mult_vx|reg_count[3]            ;
; POS_CALCULATOR:U0|qmults:mult_vy|reg_count[2]                ; Merged with POS_CALCULATOR:U0|qmults:mult_vx|reg_count[2]            ;
; POS_CALCULATOR:U0|qmults:mult_vz|reg_count[2]                ; Merged with POS_CALCULATOR:U0|qmults:mult_vx|reg_count[2]            ;
; POS_CALCULATOR:U0|qmults:mult_vy|reg_count[1]                ; Merged with POS_CALCULATOR:U0|qmults:mult_vx|reg_count[1]            ;
; POS_CALCULATOR:U0|qmults:mult_vz|reg_count[1]                ; Merged with POS_CALCULATOR:U0|qmults:mult_vx|reg_count[1]            ;
; POS_CALCULATOR:U0|qmults:mult_vy|reg_count[0]                ; Merged with POS_CALCULATOR:U0|qmults:mult_vx|reg_count[0]            ;
; POS_CALCULATOR:U0|qmults:mult_vz|reg_count[0]                ; Merged with POS_CALCULATOR:U0|qmults:mult_vx|reg_count[0]            ;
; POS_CALCULATOR:U0|qmults:mult_vy|reg_multiplier_temp[62]     ; Merged with POS_CALCULATOR:U0|qmults:mult_vx|reg_multiplier_temp[62] ;
; POS_CALCULATOR:U0|qmults:mult_vy|reg_multiplier_temp[13]     ; Merged with POS_CALCULATOR:U0|qmults:mult_vx|reg_multiplier_temp[13] ;
; POS_CALCULATOR:U0|qmults:mult_vy|reg_multiplier_temp[12]     ; Merged with POS_CALCULATOR:U0|qmults:mult_vx|reg_multiplier_temp[12] ;
; POS_CALCULATOR:U0|qmults:mult_vy|reg_multiplier_temp[11]     ; Merged with POS_CALCULATOR:U0|qmults:mult_vx|reg_multiplier_temp[11] ;
; POS_CALCULATOR:U0|qmults:mult_vy|reg_multiplier_temp[10]     ; Merged with POS_CALCULATOR:U0|qmults:mult_vx|reg_multiplier_temp[10] ;
; POS_CALCULATOR:U0|qmults:mult_vy|reg_multiplier_temp[9]      ; Merged with POS_CALCULATOR:U0|qmults:mult_vx|reg_multiplier_temp[9]  ;
; POS_CALCULATOR:U0|qmults:mult_vy|reg_multiplier_temp[8]      ; Merged with POS_CALCULATOR:U0|qmults:mult_vx|reg_multiplier_temp[8]  ;
; POS_CALCULATOR:U0|qmults:mult_vy|reg_multiplier_temp[7]      ; Merged with POS_CALCULATOR:U0|qmults:mult_vx|reg_multiplier_temp[7]  ;
; POS_CALCULATOR:U0|qmults:mult_vy|reg_multiplier_temp[6]      ; Merged with POS_CALCULATOR:U0|qmults:mult_vx|reg_multiplier_temp[6]  ;
; POS_CALCULATOR:U0|qmults:mult_vy|reg_multiplier_temp[5]      ; Merged with POS_CALCULATOR:U0|qmults:mult_vx|reg_multiplier_temp[5]  ;
; POS_CALCULATOR:U0|qmults:mult_vy|reg_multiplier_temp[4]      ; Merged with POS_CALCULATOR:U0|qmults:mult_vx|reg_multiplier_temp[4]  ;
; POS_CALCULATOR:U0|qmults:mult_vy|reg_multiplier_temp[3]      ; Merged with POS_CALCULATOR:U0|qmults:mult_vx|reg_multiplier_temp[3]  ;
; POS_CALCULATOR:U0|qmults:mult_vy|reg_multiplier_temp[2]      ; Merged with POS_CALCULATOR:U0|qmults:mult_vx|reg_multiplier_temp[2]  ;
; POS_CALCULATOR:U0|qmults:mult_vy|reg_multiplier_temp[1]      ; Merged with POS_CALCULATOR:U0|qmults:mult_vx|reg_multiplier_temp[1]  ;
; POS_CALCULATOR:U0|qmults:mult_vy|reg_multiplier_temp[0]      ; Merged with POS_CALCULATOR:U0|qmults:mult_vx|reg_multiplier_temp[0]  ;
; POS_CALCULATOR:U0|qmults:mult_vy|reg_multiplier_temp[14]     ; Merged with POS_CALCULATOR:U0|qmults:mult_vx|reg_multiplier_temp[14] ;
; POS_CALCULATOR:U0|qmults:mult_vy|reg_multiplier_temp[15]     ; Merged with POS_CALCULATOR:U0|qmults:mult_vx|reg_multiplier_temp[15] ;
; POS_CALCULATOR:U0|qmults:mult_vy|reg_multiplier_temp[16]     ; Merged with POS_CALCULATOR:U0|qmults:mult_vx|reg_multiplier_temp[16] ;
; POS_CALCULATOR:U0|qmults:mult_vy|reg_multiplier_temp[17]     ; Merged with POS_CALCULATOR:U0|qmults:mult_vx|reg_multiplier_temp[17] ;
; POS_CALCULATOR:U0|qmults:mult_vy|reg_multiplier_temp[18]     ; Merged with POS_CALCULATOR:U0|qmults:mult_vx|reg_multiplier_temp[18] ;
; POS_CALCULATOR:U0|qmults:mult_vy|reg_multiplier_temp[19]     ; Merged with POS_CALCULATOR:U0|qmults:mult_vx|reg_multiplier_temp[19] ;
; POS_CALCULATOR:U0|qmults:mult_vy|reg_multiplier_temp[20]     ; Merged with POS_CALCULATOR:U0|qmults:mult_vx|reg_multiplier_temp[20] ;
; POS_CALCULATOR:U0|qmults:mult_vy|reg_multiplier_temp[21]     ; Merged with POS_CALCULATOR:U0|qmults:mult_vx|reg_multiplier_temp[21] ;
; POS_CALCULATOR:U0|qmults:mult_vy|reg_multiplier_temp[22]     ; Merged with POS_CALCULATOR:U0|qmults:mult_vx|reg_multiplier_temp[22] ;
; POS_CALCULATOR:U0|qmults:mult_vy|reg_multiplier_temp[23]     ; Merged with POS_CALCULATOR:U0|qmults:mult_vx|reg_multiplier_temp[23] ;
; POS_CALCULATOR:U0|qmults:mult_vy|reg_multiplier_temp[24]     ; Merged with POS_CALCULATOR:U0|qmults:mult_vx|reg_multiplier_temp[24] ;
; POS_CALCULATOR:U0|qmults:mult_vy|reg_multiplier_temp[25]     ; Merged with POS_CALCULATOR:U0|qmults:mult_vx|reg_multiplier_temp[25] ;
; POS_CALCULATOR:U0|qmults:mult_vy|reg_multiplier_temp[26]     ; Merged with POS_CALCULATOR:U0|qmults:mult_vx|reg_multiplier_temp[26] ;
; POS_CALCULATOR:U0|qmults:mult_vy|reg_multiplier_temp[27]     ; Merged with POS_CALCULATOR:U0|qmults:mult_vx|reg_multiplier_temp[27] ;
; POS_CALCULATOR:U0|qmults:mult_vy|reg_multiplier_temp[28]     ; Merged with POS_CALCULATOR:U0|qmults:mult_vx|reg_multiplier_temp[28] ;
; POS_CALCULATOR:U0|qmults:mult_vy|reg_multiplier_temp[29]     ; Merged with POS_CALCULATOR:U0|qmults:mult_vx|reg_multiplier_temp[29] ;
; POS_CALCULATOR:U0|qmults:mult_vy|reg_multiplier_temp[30]     ; Merged with POS_CALCULATOR:U0|qmults:mult_vx|reg_multiplier_temp[30] ;
; POS_CALCULATOR:U0|qmults:mult_vy|reg_multiplier_temp[31]     ; Merged with POS_CALCULATOR:U0|qmults:mult_vx|reg_multiplier_temp[31] ;
; POS_CALCULATOR:U0|qmults:mult_vy|reg_multiplier_temp[32]     ; Merged with POS_CALCULATOR:U0|qmults:mult_vx|reg_multiplier_temp[32] ;
; POS_CALCULATOR:U0|qmults:mult_vy|reg_multiplier_temp[33]     ; Merged with POS_CALCULATOR:U0|qmults:mult_vx|reg_multiplier_temp[33] ;
; POS_CALCULATOR:U0|qmults:mult_vy|reg_multiplier_temp[34]     ; Merged with POS_CALCULATOR:U0|qmults:mult_vx|reg_multiplier_temp[34] ;
; POS_CALCULATOR:U0|qmults:mult_vy|reg_multiplier_temp[35]     ; Merged with POS_CALCULATOR:U0|qmults:mult_vx|reg_multiplier_temp[35] ;
; POS_CALCULATOR:U0|qmults:mult_vy|reg_multiplier_temp[36]     ; Merged with POS_CALCULATOR:U0|qmults:mult_vx|reg_multiplier_temp[36] ;
; POS_CALCULATOR:U0|qmults:mult_vy|reg_multiplier_temp[37]     ; Merged with POS_CALCULATOR:U0|qmults:mult_vx|reg_multiplier_temp[37] ;
; POS_CALCULATOR:U0|qmults:mult_vy|reg_multiplier_temp[38]     ; Merged with POS_CALCULATOR:U0|qmults:mult_vx|reg_multiplier_temp[38] ;
; POS_CALCULATOR:U0|qmults:mult_vy|reg_multiplier_temp[39]     ; Merged with POS_CALCULATOR:U0|qmults:mult_vx|reg_multiplier_temp[39] ;
; POS_CALCULATOR:U0|qmults:mult_vy|reg_multiplier_temp[40]     ; Merged with POS_CALCULATOR:U0|qmults:mult_vx|reg_multiplier_temp[40] ;
; POS_CALCULATOR:U0|qmults:mult_vy|reg_multiplier_temp[41]     ; Merged with POS_CALCULATOR:U0|qmults:mult_vx|reg_multiplier_temp[41] ;
; POS_CALCULATOR:U0|qmults:mult_vy|reg_multiplier_temp[42]     ; Merged with POS_CALCULATOR:U0|qmults:mult_vx|reg_multiplier_temp[42] ;
; POS_CALCULATOR:U0|qmults:mult_vy|reg_multiplier_temp[43]     ; Merged with POS_CALCULATOR:U0|qmults:mult_vx|reg_multiplier_temp[43] ;
; POS_CALCULATOR:U0|qmults:mult_vy|reg_multiplier_temp[44]     ; Merged with POS_CALCULATOR:U0|qmults:mult_vx|reg_multiplier_temp[44] ;
; POS_CALCULATOR:U0|qmults:mult_vy|reg_multiplier_temp[45]     ; Merged with POS_CALCULATOR:U0|qmults:mult_vx|reg_multiplier_temp[45] ;
; POS_CALCULATOR:U0|qmults:mult_vy|reg_multiplier_temp[46]     ; Merged with POS_CALCULATOR:U0|qmults:mult_vx|reg_multiplier_temp[46] ;
; POS_CALCULATOR:U0|qmults:mult_vy|reg_multiplier_temp[47]     ; Merged with POS_CALCULATOR:U0|qmults:mult_vx|reg_multiplier_temp[47] ;
; POS_CALCULATOR:U0|qmults:mult_vy|reg_multiplier_temp[48]     ; Merged with POS_CALCULATOR:U0|qmults:mult_vx|reg_multiplier_temp[48] ;
; POS_CALCULATOR:U0|qmults:mult_vy|reg_multiplier_temp[49]     ; Merged with POS_CALCULATOR:U0|qmults:mult_vx|reg_multiplier_temp[49] ;
; POS_CALCULATOR:U0|qmults:mult_vy|reg_multiplier_temp[50]     ; Merged with POS_CALCULATOR:U0|qmults:mult_vx|reg_multiplier_temp[50] ;
; POS_CALCULATOR:U0|qmults:mult_vy|reg_multiplier_temp[51]     ; Merged with POS_CALCULATOR:U0|qmults:mult_vx|reg_multiplier_temp[51] ;
; POS_CALCULATOR:U0|qmults:mult_vy|reg_multiplier_temp[52]     ; Merged with POS_CALCULATOR:U0|qmults:mult_vx|reg_multiplier_temp[52] ;
; POS_CALCULATOR:U0|qmults:mult_vy|reg_multiplier_temp[53]     ; Merged with POS_CALCULATOR:U0|qmults:mult_vx|reg_multiplier_temp[53] ;
; POS_CALCULATOR:U0|qmults:mult_vy|reg_multiplier_temp[54]     ; Merged with POS_CALCULATOR:U0|qmults:mult_vx|reg_multiplier_temp[54] ;
; POS_CALCULATOR:U0|qmults:mult_vy|reg_multiplier_temp[55]     ; Merged with POS_CALCULATOR:U0|qmults:mult_vx|reg_multiplier_temp[55] ;
; POS_CALCULATOR:U0|qmults:mult_vy|reg_multiplier_temp[56]     ; Merged with POS_CALCULATOR:U0|qmults:mult_vx|reg_multiplier_temp[56] ;
; POS_CALCULATOR:U0|qmults:mult_vy|reg_multiplier_temp[57]     ; Merged with POS_CALCULATOR:U0|qmults:mult_vx|reg_multiplier_temp[57] ;
; POS_CALCULATOR:U0|qmults:mult_vy|reg_multiplier_temp[58]     ; Merged with POS_CALCULATOR:U0|qmults:mult_vx|reg_multiplier_temp[58] ;
; POS_CALCULATOR:U0|qmults:mult_vy|reg_multiplier_temp[59]     ; Merged with POS_CALCULATOR:U0|qmults:mult_vx|reg_multiplier_temp[59] ;
; POS_CALCULATOR:U0|qmults:mult_vy|reg_multiplier_temp[60]     ; Merged with POS_CALCULATOR:U0|qmults:mult_vx|reg_multiplier_temp[60] ;
; POS_CALCULATOR:U0|qmults:mult_vy|reg_multiplier_temp[61]     ; Merged with POS_CALCULATOR:U0|qmults:mult_vx|reg_multiplier_temp[61] ;
; POS_CALCULATOR:U0|qmults:mult_vx|reg_multiplier_temp[0..2]   ; Stuck at GND due to stuck port data_in                               ;
; POS_CALCULATOR:U0|qmults:mult_vx|reg_multiplier_temp[3]      ; Merged with POS_CALCULATOR:U0|qmults:mult_vz|reg_multiplier_temp[0]  ;
; POS_CALCULATOR:U0|qmults:mult_vy|reg_working_result[0..2]    ; Stuck at GND due to stuck port data_in                               ;
; POS_CALCULATOR:U0|qmults:mult_vx|reg_working_result[0..2]    ; Stuck at GND due to stuck port data_in                               ;
; POS_CALCULATOR:U0|qmults:mult_vx|reg_multiplier_temp[46..62] ; Lost fanout                                                          ;
; POS_CALCULATOR:U0|qmults:mult_vz|reg_multiplier_temp[46..62] ; Lost fanout                                                          ;
; POS_CALCULATOR:U0|qmults:mult_vx|reg_working_result[46..62]  ; Lost fanout                                                          ;
; POS_CALCULATOR:U0|qmults:mult_vy|reg_working_result[46..62]  ; Lost fanout                                                          ;
; POS_CALCULATOR:U0|qmults:mult_vz|reg_working_result[46..62]  ; Lost fanout                                                          ;
; Total Number of Removed Registers = 227                      ;                                                                      ;
+--------------------------------------------------------------+----------------------------------------------------------------------+


+----------------------------------------------------------------------------------------------------------------------------------------------------+
; Removed Registers Triggering Further Register Optimizations                                                                                        ;
+------------------------------------------------------------+---------------------------+-----------------------------------------------------------+
; Register name                                              ; Reason for Removal        ; Registers Removed due to This Register                    ;
+------------------------------------------------------------+---------------------------+-----------------------------------------------------------+
; POS_CALCULATOR:U0|qmults:mult_vz|reg_multiplier_temp[62]   ; Lost Fanouts              ; POS_CALCULATOR:U0|qmults:mult_vz|reg_multiplier_temp[61], ;
;                                                            ;                           ; POS_CALCULATOR:U0|qmults:mult_vz|reg_multiplier_temp[60], ;
;                                                            ;                           ; POS_CALCULATOR:U0|qmults:mult_vz|reg_multiplier_temp[59], ;
;                                                            ;                           ; POS_CALCULATOR:U0|qmults:mult_vz|reg_multiplier_temp[58], ;
;                                                            ;                           ; POS_CALCULATOR:U0|qmults:mult_vz|reg_multiplier_temp[57], ;
;                                                            ;                           ; POS_CALCULATOR:U0|qmults:mult_vz|reg_multiplier_temp[56], ;
;                                                            ;                           ; POS_CALCULATOR:U0|qmults:mult_vz|reg_multiplier_temp[55], ;
;                                                            ;                           ; POS_CALCULATOR:U0|qmults:mult_vz|reg_multiplier_temp[54], ;
;                                                            ;                           ; POS_CALCULATOR:U0|qmults:mult_vz|reg_multiplier_temp[53], ;
;                                                            ;                           ; POS_CALCULATOR:U0|qmults:mult_vz|reg_multiplier_temp[52], ;
;                                                            ;                           ; POS_CALCULATOR:U0|qmults:mult_vz|reg_multiplier_temp[51], ;
;                                                            ;                           ; POS_CALCULATOR:U0|qmults:mult_vz|reg_multiplier_temp[50], ;
;                                                            ;                           ; POS_CALCULATOR:U0|qmults:mult_vz|reg_multiplier_temp[49], ;
;                                                            ;                           ; POS_CALCULATOR:U0|qmults:mult_vz|reg_multiplier_temp[48], ;
;                                                            ;                           ; POS_CALCULATOR:U0|qmults:mult_vz|reg_multiplier_temp[47], ;
;                                                            ;                           ; POS_CALCULATOR:U0|qmults:mult_vz|reg_multiplier_temp[46]  ;
; POS_CALCULATOR:U0|qmults:mult_vy|reg_multiplicand_temp[31] ; Stuck at GND              ; POS_CALCULATOR:U0|qmults:mult_vy|reg_working_result[0],   ;
;                                                            ; due to stuck port data_in ; POS_CALCULATOR:U0|qmults:mult_vy|reg_working_result[1],   ;
;                                                            ;                           ; POS_CALCULATOR:U0|qmults:mult_vy|reg_working_result[2],   ;
;                                                            ;                           ; POS_CALCULATOR:U0|qmults:mult_vy|reg_working_result[58],  ;
;                                                            ;                           ; POS_CALCULATOR:U0|qmults:mult_vy|reg_working_result[59],  ;
;                                                            ;                           ; POS_CALCULATOR:U0|qmults:mult_vy|reg_working_result[60],  ;
;                                                            ;                           ; POS_CALCULATOR:U0|qmults:mult_vy|reg_working_result[61]   ;
; POS_CALCULATOR:U0|qmults:mult_vx|reg_multiplicand_temp[31] ; Stuck at GND              ; POS_CALCULATOR:U0|qmults:mult_vx|reg_working_result[0],   ;
;                                                            ; due to stuck port data_in ; POS_CALCULATOR:U0|qmults:mult_vx|reg_working_result[1],   ;
;                                                            ;                           ; POS_CALCULATOR:U0|qmults:mult_vx|reg_working_result[2],   ;
;                                                            ;                           ; POS_CALCULATOR:U0|qmults:mult_vx|reg_working_result[58],  ;
;                                                            ;                           ; POS_CALCULATOR:U0|qmults:mult_vx|reg_working_result[59],  ;
;                                                            ;                           ; POS_CALCULATOR:U0|qmults:mult_vx|reg_working_result[60],  ;
;                                                            ;                           ; POS_CALCULATOR:U0|qmults:mult_vx|reg_working_result[61]   ;
; POS_CALCULATOR:U0|qmults:mult_vx|reg_multiplier_temp[0]    ; Stuck at GND              ; POS_CALCULATOR:U0|qmults:mult_vx|reg_multiplier_temp[1],  ;
;                                                            ; due to stuck port data_in ; POS_CALCULATOR:U0|qmults:mult_vx|reg_multiplier_temp[2],  ;
;                                                            ;                           ; POS_CALCULATOR:U0|qmults:mult_vx|reg_working_result[55],  ;
;                                                            ;                           ; POS_CALCULATOR:U0|qmults:mult_vx|reg_working_result[56],  ;
;                                                            ;                           ; POS_CALCULATOR:U0|qmults:mult_vy|reg_working_result[55],  ;
;                                                            ;                           ; POS_CALCULATOR:U0|qmults:mult_vy|reg_working_result[56]   ;
; POS_CALCULATOR:U0|qmults:mult_vz|reg_multiplicand_temp[31] ; Stuck at GND              ; POS_CALCULATOR:U0|qmults:mult_vz|reg_working_result[58],  ;
;                                                            ; due to stuck port data_in ; POS_CALCULATOR:U0|qmults:mult_vz|reg_working_result[59],  ;
;                                                            ;                           ; POS_CALCULATOR:U0|qmults:mult_vz|reg_working_result[60],  ;
;                                                            ;                           ; POS_CALCULATOR:U0|qmults:mult_vz|reg_working_result[61]   ;
+------------------------------------------------------------+---------------------------+-----------------------------------------------------------+


+------------------------------------------------------+
; General Register Statistics                          ;
+----------------------------------------------+-------+
; Statistic                                    ; Value ;
+----------------------------------------------+-------+
; Total registers                              ; 565   ;
; Number of registers using Synchronous Clear  ; 256   ;
; Number of registers using Synchronous Load   ; 0     ;
; Number of registers using Asynchronous Clear ; 195   ;
; Number of registers using Asynchronous Load  ; 0     ;
; Number of registers using Clock Enable       ; 504   ;
; Number of registers using Preset             ; 0     ;
+----------------------------------------------+-------+


+---------------------------------------------------------------------------------+
; Inverted Register Statistics                                                    ;
+-----------------------------------------------------------------------+---------+
; Inverted Register                                                     ; Fan out ;
+-----------------------------------------------------------------------+---------+
; POS_CALCULATOR:U0|SC_REGACC:reg_accumulator_theta|REGACC_Register[16] ; 5       ;
; POS_CALCULATOR:U0|SC_REGACC:reg_accumulator_theta|REGACC_Register[18] ; 5       ;
; POS_CALCULATOR:U0|SC_REGACC:reg_accumulator_theta|REGACC_Register[19] ; 5       ;
; POS_CALCULATOR:U0|SC_REGACC:reg_accumulator_theta|REGACC_Register[21] ; 5       ;
; POS_CALCULATOR:U0|qmults:mult_vx|reg_done                             ; 193     ;
; Total number of inverted registers = 5                                ;         ;
+-----------------------------------------------------------------------+---------+


+------------------------------------------------------------------------------------------------------------------------------------------------------------------------------------------------+
; Multiplexer Restructuring Statistics (Restructuring Performed)                                                                                                                                 ;
+--------------------+-----------+---------------+----------------------+------------------------+------------+----------------------------------------------------------------------------------+
; Multiplexer Inputs ; Bus Width ; Baseline Area ; Area if Restructured ; Saving if Restructured ; Registered ; Example Multiplexer Output                                                       ;
+--------------------+-----------+---------------+----------------------+------------------------+------------+----------------------------------------------------------------------------------+
; 3:1                ; 60 bits   ; 120 LEs       ; 60 LEs               ; 60 LEs                 ; Yes        ; |BB_SYSTEM|POS_CALCULATOR:U0|qmults:mult_vx|reg_working_result[8]                ;
; 3:1                ; 60 bits   ; 120 LEs       ; 60 LEs               ; 60 LEs                 ; Yes        ; |BB_SYSTEM|POS_CALCULATOR:U0|qmults:mult_vy|reg_working_result[55]               ;
; 3:1                ; 63 bits   ; 126 LEs       ; 63 LEs               ; 63 LEs                 ; Yes        ; |BB_SYSTEM|POS_CALCULATOR:U0|qmults:mult_vz|reg_working_result[15]               ;
; 3:1                ; 121 bits  ; 242 LEs       ; 121 LEs              ; 121 LEs                ; Yes        ; |BB_SYSTEM|POS_CALCULATOR:U0|qmults:mult_vx|reg_multiplier_temp[11]              ;
; 5:1                ; 31 bits   ; 93 LEs        ; 62 LEs               ; 31 LEs                 ; Yes        ; |BB_SYSTEM|POS_CALCULATOR:U0|SC_REGACC:reg_accumulator_posx|REGACC_Register[30]  ;
; 5:1                ; 31 bits   ; 93 LEs        ; 62 LEs               ; 31 LEs                 ; Yes        ; |BB_SYSTEM|POS_CALCULATOR:U0|SC_REGACC:reg_accumulator_posy|REGACC_Register[19]  ;
; 5:1                ; 27 bits   ; 81 LEs        ; 54 LEs               ; 27 LEs                 ; Yes        ; |BB_SYSTEM|POS_CALCULATOR:U0|SC_REGACC:reg_accumulator_theta|REGACC_Register[12] ;
; 5:1                ; 4 bits    ; 12 LEs        ; 8 LEs                ; 4 LEs                  ; Yes        ; |BB_SYSTEM|POS_CALCULATOR:U0|SC_REGACC:reg_accumulator_theta|REGACC_Register[18] ;
; 32:1               ; 3 bits    ; 63 LEs        ; 60 LEs               ; 3 LEs                  ; No         ; |BB_SYSTEM|POS_CALCULATOR:U0|qmults:mult_vy|Mux0                                 ;
+--------------------+-----------+---------------+----------------------+------------------------+------------+----------------------------------------------------------------------------------+


+---------------------------------------------------------------------------+
; Parameter Settings for User Entity Instance: Top-level Entity: |BB_SYSTEM ;
+----------------+-------+--------------------------------------------------+
; Parameter Name ; Value ; Type                                             ;
+----------------+-------+--------------------------------------------------+
; DATAWIDTH_N    ; 32    ; Signed Integer                                   ;
; FRACTIONAL_Q   ; 15    ; Signed Integer                                   ;
+----------------+-------+--------------------------------------------------+
Note: In order to hide this table in the UI and the text report file, please set the "Show Parameter Settings in Synthesis Report" option in "Analysis and Synthesis Settings -> More Settings" to "Off".


+----------------------------------------------------------------+
; Parameter Settings for User Entity Instance: POS_CALCULATOR:U0 ;
+----------------+-------+---------------------------------------+
; Parameter Name ; Value ; Type                                  ;
+----------------+-------+---------------------------------------+
; DATAWIDTH_N    ; 32    ; Signed Integer                        ;
; FRACTIONAL_Q   ; 15    ; Signed Integer                        ;
+----------------+-------+---------------------------------------+
Note: In order to hide this table in the UI and the text report file, please set the "Show Parameter Settings in Synthesis Report" option in "Analysis and Synthesis Settings -> More Settings" to "Off".


+-------------------------------------------------------------------------------+
; Parameter Settings for User Entity Instance: POS_CALCULATOR:U0|qmults:mult_vx ;
+----------------+-------+------------------------------------------------------+
; Parameter Name ; Value ; Type                                                 ;
+----------------+-------+------------------------------------------------------+
; Q              ; 15    ; Signed Integer                                       ;
; N              ; 32    ; Signed Integer                                       ;
+----------------+-------+------------------------------------------------------+
Note: In order to hide this table in the UI and the text report file, please set the "Show Parameter Settings in Synthesis Report" option in "Analysis and Synthesis Settings -> More Settings" to "Off".


+-----------------------------------------------------------------------------------------------+
; Parameter Settings for User Entity Instance: POS_CALCULATOR:U0|SC_REGGENERAL:register_mult_vx ;
+----------------------+-------+----------------------------------------------------------------+
; Parameter Name       ; Value ; Type                                                           ;
+----------------------+-------+----------------------------------------------------------------+
; REGGENERAL_DATAWIDTH ; 32    ; Signed Integer                                                 ;
+----------------------+-------+----------------------------------------------------------------+
Note: In order to hide this table in the UI and the text report file, please set the "Show Parameter Settings in Synthesis Report" option in "Analysis and Synthesis Settings -> More Settings" to "Off".


+----------------------------------------------------------------------------+
; Parameter Settings for User Entity Instance: POS_CALCULATOR:U0|qadd:add_vx ;
+----------------+-------+---------------------------------------------------+
; Parameter Name ; Value ; Type                                              ;
+----------------+-------+---------------------------------------------------+
; Q              ; 15    ; Signed Integer                                    ;
; N              ; 32    ; Signed Integer                                    ;
+----------------+-------+---------------------------------------------------+
Note: In order to hide this table in the UI and the text report file, please set the "Show Parameter Settings in Synthesis Report" option in "Analysis and Synthesis Settings -> More Settings" to "Off".


+-----------------------------------------------------------------------------------------------+
; Parameter Settings for User Entity Instance: POS_CALCULATOR:U0|SC_REGACC:reg_accumulator_posx ;
+------------------+----------------------------------+-----------------------------------------+
; Parameter Name   ; Value                            ; Type                                    ;
+------------------+----------------------------------+-----------------------------------------+
; REGACC_DATAWIDTH ; 32                               ; Signed Integer                          ;
; INITIAL_VALUE    ; 00000000000000000000000000000000 ; Unsigned Binary                         ;
+------------------+----------------------------------+-----------------------------------------+
Note: In order to hide this table in the UI and the text report file, please set the "Show Parameter Settings in Synthesis Report" option in "Analysis and Synthesis Settings -> More Settings" to "Off".


+-------------------------------------------------------------------------------+
; Parameter Settings for User Entity Instance: POS_CALCULATOR:U0|qmults:mult_vy ;
+----------------+-------+------------------------------------------------------+
; Parameter Name ; Value ; Type                                                 ;
+----------------+-------+------------------------------------------------------+
; Q              ; 15    ; Signed Integer                                       ;
; N              ; 32    ; Signed Integer                                       ;
+----------------+-------+------------------------------------------------------+
Note: In order to hide this table in the UI and the text report file, please set the "Show Parameter Settings in Synthesis Report" option in "Analysis and Synthesis Settings -> More Settings" to "Off".


+-----------------------------------------------------------------------------------------------+
; Parameter Settings for User Entity Instance: POS_CALCULATOR:U0|SC_REGGENERAL:register_mult_vy ;
+----------------------+-------+----------------------------------------------------------------+
; Parameter Name       ; Value ; Type                                                           ;
+----------------------+-------+----------------------------------------------------------------+
; REGGENERAL_DATAWIDTH ; 32    ; Signed Integer                                                 ;
+----------------------+-------+----------------------------------------------------------------+
Note: In order to hide this table in the UI and the text report file, please set the "Show Parameter Settings in Synthesis Report" option in "Analysis and Synthesis Settings -> More Settings" to "Off".


+----------------------------------------------------------------------------+
; Parameter Settings for User Entity Instance: POS_CALCULATOR:U0|qadd:add_vy ;
+----------------+-------+---------------------------------------------------+
; Parameter Name ; Value ; Type                                              ;
+----------------+-------+---------------------------------------------------+
; Q              ; 15    ; Signed Integer                                    ;
; N              ; 32    ; Signed Integer                                    ;
+----------------+-------+---------------------------------------------------+
Note: In order to hide this table in the UI and the text report file, please set the "Show Parameter Settings in Synthesis Report" option in "Analysis and Synthesis Settings -> More Settings" to "Off".


+-----------------------------------------------------------------------------------------------+
; Parameter Settings for User Entity Instance: POS_CALCULATOR:U0|SC_REGACC:reg_accumulator_posy ;
+------------------+----------------------------------+-----------------------------------------+
; Parameter Name   ; Value                            ; Type                                    ;
+------------------+----------------------------------+-----------------------------------------+
; REGACC_DATAWIDTH ; 32                               ; Signed Integer                          ;
; INITIAL_VALUE    ; 00000000000000000000000000000000 ; Unsigned Binary                         ;
+------------------+----------------------------------+-----------------------------------------+
Note: In order to hide this table in the UI and the text report file, please set the "Show Parameter Settings in Synthesis Report" option in "Analysis and Synthesis Settings -> More Settings" to "Off".


+-------------------------------------------------------------------------------+
; Parameter Settings for User Entity Instance: POS_CALCULATOR:U0|qmults:mult_vz ;
+----------------+-------+------------------------------------------------------+
; Parameter Name ; Value ; Type                                                 ;
+----------------+-------+------------------------------------------------------+
; Q              ; 15    ; Signed Integer                                       ;
; N              ; 32    ; Signed Integer                                       ;
+----------------+-------+------------------------------------------------------+
Note: In order to hide this table in the UI and the text report file, please set the "Show Parameter Settings in Synthesis Report" option in "Analysis and Synthesis Settings -> More Settings" to "Off".


+-----------------------------------------------------------------------------------------------+
; Parameter Settings for User Entity Instance: POS_CALCULATOR:U0|SC_REGGENERAL:register_mult_vz ;
+----------------------+-------+----------------------------------------------------------------+
; Parameter Name       ; Value ; Type                                                           ;
+----------------------+-------+----------------------------------------------------------------+
; REGGENERAL_DATAWIDTH ; 32    ; Signed Integer                                                 ;
+----------------------+-------+----------------------------------------------------------------+
Note: In order to hide this table in the UI and the text report file, please set the "Show Parameter Settings in Synthesis Report" option in "Analysis and Synthesis Settings -> More Settings" to "Off".


+----------------------------------------------------------------------------+
; Parameter Settings for User Entity Instance: POS_CALCULATOR:U0|qadd:add_vz ;
+----------------+-------+---------------------------------------------------+
; Parameter Name ; Value ; Type                                              ;
+----------------+-------+---------------------------------------------------+
; Q              ; 15    ; Signed Integer                                    ;
; N              ; 32    ; Signed Integer                                    ;
+----------------+-------+---------------------------------------------------+
Note: In order to hide this table in the UI and the text report file, please set the "Show Parameter Settings in Synthesis Report" option in "Analysis and Synthesis Settings -> More Settings" to "Off".


+------------------------------------------------------------------------------------------------+
; Parameter Settings for User Entity Instance: POS_CALCULATOR:U0|SC_REGACC:reg_accumulator_theta ;
+------------------+----------------------------------+------------------------------------------+
; Parameter Name   ; Value                            ; Type                                     ;
+------------------+----------------------------------+------------------------------------------+
; REGACC_DATAWIDTH ; 32                               ; Signed Integer                           ;
; INITIAL_VALUE    ; 00000000001011010000000000000000 ; Unsigned Binary                          ;
+------------------+----------------------------------+------------------------------------------+
Note: In order to hide this table in the UI and the text report file, please set the "Show Parameter Settings in Synthesis Report" option in "Analysis and Synthesis Settings -> More Settings" to "Off".


+-------------------------------------------------------------------+
; Port Connectivity Checks: "POS_CALCULATOR:U0|qmults:mult_vz"      ;
+----------------------+--------+----------+------------------------+
; Port                 ; Type   ; Severity ; Details                ;
+----------------------+--------+----------+------------------------+
; i_multiplier[2..0]   ; Input  ; Info     ; Stuck at VCC           ;
; i_multiplier[31..15] ; Input  ; Info     ; Stuck at GND           ;
; i_multiplier[13..12] ; Input  ; Info     ; Stuck at GND           ;
; i_multiplier[10..9]  ; Input  ; Info     ; Stuck at GND           ;
; i_multiplier[14]     ; Input  ; Info     ; Stuck at VCC           ;
; i_multiplier[11]     ; Input  ; Info     ; Stuck at VCC           ;
; i_multiplier[8]      ; Input  ; Info     ; Stuck at VCC           ;
; i_multiplier[7]      ; Input  ; Info     ; Stuck at GND           ;
; i_multiplier[6]      ; Input  ; Info     ; Stuck at VCC           ;
; i_multiplier[5]      ; Input  ; Info     ; Stuck at GND           ;
; i_multiplier[4]      ; Input  ; Info     ; Stuck at VCC           ;
; i_multiplier[3]      ; Input  ; Info     ; Stuck at GND           ;
; o_overflow           ; Output ; Info     ; Explicitly unconnected ;
+----------------------+--------+----------+------------------------+


+------------------------------------------------------------------+
; Port Connectivity Checks: "POS_CALCULATOR:U0|qmults:mult_vy"     ;
+---------------------+--------+----------+------------------------+
; Port                ; Type   ; Severity ; Details                ;
+---------------------+--------+----------+------------------------+
; i_multiplier[31..9] ; Input  ; Info     ; Stuck at GND           ;
; i_multiplier[5..4]  ; Input  ; Info     ; Stuck at GND           ;
; i_multiplier[2..0]  ; Input  ; Info     ; Stuck at GND           ;
; i_multiplier[8]     ; Input  ; Info     ; Stuck at VCC           ;
; i_multiplier[7]     ; Input  ; Info     ; Stuck at GND           ;
; i_multiplier[6]     ; Input  ; Info     ; Stuck at VCC           ;
; i_multiplier[3]     ; Input  ; Info     ; Stuck at VCC           ;
; o_overflow          ; Output ; Info     ; Explicitly unconnected ;
+---------------------+--------+----------+------------------------+


+------------------------------------------------------------------+
; Port Connectivity Checks: "POS_CALCULATOR:U0|qmults:mult_vx"     ;
+---------------------+--------+----------+------------------------+
; Port                ; Type   ; Severity ; Details                ;
+---------------------+--------+----------+------------------------+
; i_multiplier[31..9] ; Input  ; Info     ; Stuck at GND           ;
; i_multiplier[5..4]  ; Input  ; Info     ; Stuck at GND           ;
; i_multiplier[2..0]  ; Input  ; Info     ; Stuck at GND           ;
; i_multiplier[8]     ; Input  ; Info     ; Stuck at VCC           ;
; i_multiplier[7]     ; Input  ; Info     ; Stuck at GND           ;
; i_multiplier[6]     ; Input  ; Info     ; Stuck at VCC           ;
; i_multiplier[3]     ; Input  ; Info     ; Stuck at VCC           ;
; o_overflow          ; Output ; Info     ; Explicitly unconnected ;
+---------------------+--------+----------+------------------------+


+-----------------------------------------------------+
; Post-Synthesis Netlist Statistics for Top Partition ;
+-----------------------+-----------------------------+
; Type                  ; Count                       ;
+-----------------------+-----------------------------+
; boundary_port         ; 195                         ;
; cycloneiii_ff         ; 565                         ;
;     CLR               ; 3                           ;
;     CLR SCLR          ; 3                           ;
;     ENA               ; 183                         ;
;     ENA CLR           ; 100                         ;
;     ENA CLR SCLR      ; 89                          ;
;     ENA SCLR          ; 132                         ;
;     SCLR              ; 32                          ;
;     plain             ; 23                          ;
; cycloneiii_lcell_comb ; 1015                        ;
;     arith             ; 539                         ;
;         2 data inputs ; 49                          ;
;         3 data inputs ; 490                         ;
;     normal            ; 476                         ;
;         1 data inputs ; 6                           ;
;         2 data inputs ; 35                          ;
;         3 data inputs ; 99                          ;
;         4 data inputs ; 336                         ;
;                       ;                             ;
; Max LUT depth         ; 10.70                       ;
; Average LUT depth     ; 5.17                        ;
+-----------------------+-----------------------------+


+-------------------------------+
; Elapsed Time Per Partition    ;
+----------------+--------------+
; Partition Name ; Elapsed Time ;
+----------------+--------------+
; Top            ; 00:00:02     ;
+----------------+--------------+


+-------------------------------+
; Analysis & Synthesis Messages ;
+-------------------------------+
Info: *******************************************************************
Info: Running Quartus Prime Analysis & Synthesis
    Info: Version 19.1.0 Build 670 09/22/2019 SJ Lite Edition
    Info: Processing started: Mon Oct 18 11:06:16 2021
Info: Command: quartus_map --read_settings_files=on --write_settings_files=off BB_SYSTEM -c BB_SYSTEM
Warning (18236): Number of processors has not been specified which may cause overloading on shared machines.  Set the global assignment NUM_PARALLEL_PROCESSORS in your QSF to an appropriate value for best performance.
Info (20030): Parallel compilation is enabled and will use 2 of the 2 processors detected
Info (12021): Found 1 design units, including 1 entities, in source file /users/usuario windows/desktop/proyecto de grado/fpga-robot/rtl_components/wheel_controller.v
    Info (12023): Found entity 1: WHEEL_CONTROLLER File: C:/Users/USUARIO WINDOWS/Desktop/Proyecto de Grado/FPGA-robot/RTL_COMPONENTS/WHEEL_CONTROLLER.v Line: 8
Info (12021): Found 1 design units, including 1 entities, in source file /users/usuario windows/desktop/proyecto de grado/fpga-robot/rtl_components/spi_slave.v
    Info (12023): Found entity 1: SPI_SLAVE File: C:/Users/USUARIO WINDOWS/Desktop/Proyecto de Grado/FPGA-robot/RTL_COMPONENTS/SPI_SLAVE.v Line: 23
Info (12021): Found 1 design units, including 1 entities, in source file /users/usuario windows/desktop/proyecto de grado/fpga-robot/rtl_components/spi_interface.v
    Info (12023): Found entity 1: SPI_INTERFACE File: C:/Users/USUARIO WINDOWS/Desktop/Proyecto de Grado/FPGA-robot/RTL_COMPONENTS/SPI_INTERFACE.v Line: 9
Info (12021): Found 1 design units, including 1 entities, in source file /users/usuario windows/desktop/proyecto de grado/fpga-robot/rtl_components/sc_statemachine_mult.v
    Info (12023): Found entity 1: SC_STATEMACHINE_MULT File: C:/Users/USUARIO WINDOWS/Desktop/Proyecto de Grado/FPGA-robot/RTL_COMPONENTS/SC_STATEMACHINE_MULT.v Line: 22
Info (12021): Found 1 design units, including 1 entities, in source file /users/usuario windows/desktop/proyecto de grado/fpga-robot/rtl_components/sc_statemachine_global_vel.v
    Info (12023): Found entity 1: SC_STATEMACHINE_GLOBAL_VEL File: C:/Users/USUARIO WINDOWS/Desktop/Proyecto de Grado/FPGA-robot/RTL_COMPONENTS/SC_STATEMACHINE_GLOBAL_VEL.v Line: 22
Info (12021): Found 1 design units, including 1 entities, in source file /users/usuario windows/desktop/proyecto de grado/fpga-robot/rtl_components/sc_statemachine_base.v
    Info (12023): Found entity 1: SC_STATEMACHINE_BASE File: C:/Users/USUARIO WINDOWS/Desktop/Proyecto de Grado/FPGA-robot/RTL_COMPONENTS/SC_STATEMACHINE_BASE.v Line: 22
Info (12021): Found 1 design units, including 1 entities, in source file /users/usuario windows/desktop/proyecto de grado/fpga-robot/rtl_components/sc_regshifter.v
    Info (12023): Found entity 1: SC_REGSHIFTER File: C:/Users/USUARIO WINDOWS/Desktop/Proyecto de Grado/FPGA-robot/RTL_COMPONENTS/SC_REGSHIFTER.v Line: 22
Info (12021): Found 1 design units, including 1 entities, in source file /users/usuario windows/desktop/proyecto de grado/fpga-robot/rtl_components/sc_reggeneral.v
    Info (12023): Found entity 1: SC_REGGENERAL File: C:/Users/USUARIO WINDOWS/Desktop/Proyecto de Grado/FPGA-robot/RTL_COMPONENTS/SC_REGGENERAL.v Line: 22
Info (12021): Found 1 design units, including 1 entities, in source file /users/usuario windows/desktop/proyecto de grado/fpga-robot/rtl_components/sc_debounce.v
    Info (12023): Found entity 1: SC_DEBOUNCE File: C:/Users/USUARIO WINDOWS/Desktop/Proyecto de Grado/FPGA-robot/RTL_COMPONENTS/SC_DEBOUNCE.v Line: 43
Info (12021): Found 1 design units, including 1 entities, in source file /users/usuario windows/desktop/proyecto de grado/fpga-robot/rtl_components/sc_counter_pwm.v
    Info (12023): Found entity 1: SC_COUNTER_PWM File: C:/Users/USUARIO WINDOWS/Desktop/Proyecto de Grado/FPGA-robot/RTL_COMPONENTS/SC_COUNTER_PWM.v Line: 10
Info (12021): Found 1 design units, including 1 entities, in source file /users/usuario windows/desktop/proyecto de grado/fpga-robot/rtl_components/sc_counter.v
    Info (12023): Found entity 1: SC_COUNTER File: C:/Users/USUARIO WINDOWS/Desktop/Proyecto de Grado/FPGA-robot/RTL_COMPONENTS/SC_COUNTER.v Line: 10
Info (12021): Found 1 design units, including 1 entities, in source file /users/usuario windows/desktop/proyecto de grado/fpga-robot/rtl_components/rpm.v
    Info (12023): Found entity 1: RPM File: C:/Users/USUARIO WINDOWS/Desktop/Proyecto de Grado/FPGA-robot/RTL_COMPONENTS/RPM.v Line: 9
Info (12021): Found 1 design units, including 1 entities, in source file /users/usuario windows/desktop/proyecto de grado/fpga-robot/rtl_components/qmults.v
    Info (12023): Found entity 1: qmults File: C:/Users/USUARIO WINDOWS/Desktop/Proyecto de Grado/FPGA-robot/RTL_COMPONENTS/qmults.v Line: 22
Info (12021): Found 1 design units, including 1 entities, in source file /users/usuario windows/desktop/proyecto de grado/fpga-robot/rtl_components/qmult.v
    Info (12023): Found entity 1: qmult File: C:/Users/USUARIO WINDOWS/Desktop/Proyecto de Grado/FPGA-robot/RTL_COMPONENTS/qmult.v Line: 22
Info (12021): Found 1 design units, including 1 entities, in source file /users/usuario windows/desktop/proyecto de grado/fpga-robot/rtl_components/qdiv.v
    Info (12023): Found entity 1: qdiv File: C:/Users/USUARIO WINDOWS/Desktop/Proyecto de Grado/FPGA-robot/RTL_COMPONENTS/qdiv.v Line: 26
Info (12021): Found 1 design units, including 1 entities, in source file /users/usuario windows/desktop/proyecto de grado/fpga-robot/rtl_components/qadd.v
    Info (12023): Found entity 1: qadd File: C:/Users/USUARIO WINDOWS/Desktop/Proyecto de Grado/FPGA-robot/RTL_COMPONENTS/qadd.v Line: 22
Info (12021): Found 1 design units, including 1 entities, in source file /users/usuario windows/desktop/proyecto de grado/fpga-robot/rtl_components/preescaler.v
    Info (12023): Found entity 1: PREESCALER File: C:/Users/USUARIO WINDOWS/Desktop/Proyecto de Grado/FPGA-robot/RTL_COMPONENTS/PREESCALER.v Line: 6
Info (12021): Found 1 design units, including 1 entities, in source file /users/usuario windows/desktop/proyecto de grado/fpga-robot/rtl_components/pi_control.v
    Info (12023): Found entity 1: PI_control File: C:/Users/USUARIO WINDOWS/Desktop/Proyecto de Grado/FPGA-robot/RTL_COMPONENTS/PI_control.v Line: 11
Info (12021): Found 1 design units, including 1 entities, in source file /users/usuario windows/desktop/proyecto de grado/fpga-robot/rtl_components/movement_controller.v
    Info (12023): Found entity 1: MOVEMENT_CONTROLLER File: C:/Users/USUARIO WINDOWS/Desktop/Proyecto de Grado/FPGA-robot/RTL_COMPONENTS/MOVEMENT_CONTROLLER.v Line: 19
Info (12021): Found 1 design units, including 1 entities, in source file /users/usuario windows/desktop/proyecto de grado/fpga-robot/rtl_components/modulopwm.v
    Info (12023): Found entity 1: moduloPWM File: C:/Users/USUARIO WINDOWS/Desktop/Proyecto de Grado/FPGA-robot/RTL_COMPONENTS/moduloPWM.v Line: 7
Info (12021): Found 1 design units, including 1 entities, in source file /users/usuario windows/desktop/proyecto de grado/fpga-robot/rtl_components/message_interpreter.v
    Info (12023): Found entity 1: MESSAGE_INTERPRETER File: C:/Users/USUARIO WINDOWS/Desktop/Proyecto de Grado/FPGA-robot/RTL_COMPONENTS/MESSAGE_INTERPRETER.v Line: 9
Info (12021): Found 1 design units, including 1 entities, in source file /users/usuario windows/desktop/proyecto de grado/fpga-robot/rtl_components/local_velocity.v
    Info (12023): Found entity 1: LOCAL_VELOCITY File: C:/Users/USUARIO WINDOWS/Desktop/Proyecto de Grado/FPGA-robot/RTL_COMPONENTS/LOCAL_VELOCITY.v Line: 17
Info (12021): Found 1 design units, including 1 entities, in source file /users/usuario windows/desktop/proyecto de grado/fpga-robot/rtl_components/global_velocity.v
    Info (12023): Found entity 1: GLOBAL_VELOCITY File: C:/Users/USUARIO WINDOWS/Desktop/Proyecto de Grado/FPGA-robot/RTL_COMPONENTS/GLOBAL_VELOCITY.v Line: 19
Info (12021): Found 1 design units, including 1 entities, in source file /users/usuario windows/desktop/proyecto de grado/fpga-robot/rtl_components/encoder.v
    Info (12023): Found entity 1: Encoder File: C:/Users/USUARIO WINDOWS/Desktop/Proyecto de Grado/FPGA-robot/RTL_COMPONENTS/Encoder.v Line: 9
Info (12021): Found 1 design units, including 1 entities, in source file /users/usuario windows/desktop/proyecto de grado/fpga-robot/rtl_components/distance_reader.v
    Info (12023): Found entity 1: DISTANCE_READER File: C:/Users/USUARIO WINDOWS/Desktop/Proyecto de Grado/FPGA-robot/RTL_COMPONENTS/DISTANCE_READER.v Line: 14
Info (12021): Found 1 design units, including 1 entities, in source file /users/usuario windows/desktop/proyecto de grado/fpga-robot/rtl_components/direction_det.v
    Info (12023): Found entity 1: DIRECTION_DET File: C:/Users/USUARIO WINDOWS/Desktop/Proyecto de Grado/FPGA-robot/RTL_COMPONENTS/DIRECTION_DET.v Line: 9
Info (12021): Found 3 design units, including 3 entities, in source file /users/usuario windows/desktop/proyecto de grado/fpga-robot/rtl_components/core_cordic.v
    Info (12023): Found entity 1: signed_shifter File: C:/Users/USUARIO WINDOWS/Desktop/Proyecto de Grado/FPGA-robot/RTL_COMPONENTS/core_cordic.v Line: 162
    Info (12023): Found entity 2: rotator File: C:/Users/USUARIO WINDOWS/Desktop/Proyecto de Grado/FPGA-robot/RTL_COMPONENTS/core_cordic.v Line: 180
    Info (12023): Found entity 3: cordic File: C:/Users/USUARIO WINDOWS/Desktop/Proyecto de Grado/FPGA-robot/RTL_COMPONENTS/core_cordic.v Line: 252
Info (12021): Found 1 design units, including 1 entities, in source file /users/usuario windows/desktop/proyecto de grado/fpga-robot/rtl_components/cc_mux81.v
    Info (12023): Found entity 1: CC_MUX81 File: C:/Users/USUARIO WINDOWS/Desktop/Proyecto de Grado/FPGA-robot/RTL_COMPONENTS/CC_MUX81.v Line: 5
Info (12021): Found 1 design units, including 1 entities, in source file /users/usuario windows/desktop/proyecto de grado/fpga-robot/rtl_components/cc_mux41.v
    Info (12023): Found entity 1: CC_MUX41 File: C:/Users/USUARIO WINDOWS/Desktop/Proyecto de Grado/FPGA-robot/RTL_COMPONENTS/CC_MUX41.v Line: 4
Info (12021): Found 1 design units, including 1 entities, in source file /users/usuario windows/desktop/proyecto de grado/fpga-robot/rtl_components/cc_lessthan.v
    Info (12023): Found entity 1: CC_LESSTHAN File: C:/Users/USUARIO WINDOWS/Desktop/Proyecto de Grado/FPGA-robot/RTL_COMPONENTS/CC_LESSTHAN.v Line: 22
Info (12021): Found 1 design units, including 1 entities, in source file /users/usuario windows/desktop/proyecto de grado/fpga-robot/rtl_components/cc_greaterthan.v
    Info (12023): Found entity 1: CC_GREATERTHAN File: C:/Users/USUARIO WINDOWS/Desktop/Proyecto de Grado/FPGA-robot/RTL_COMPONENTS/CC_GREATERTHAN.v Line: 22
Info (12021): Found 1 design units, including 1 entities, in source file /users/usuario windows/desktop/proyecto de grado/fpga-robot/rtl_components/cc_equal.v
    Info (12023): Found entity 1: CC_EQUAL File: C:/Users/USUARIO WINDOWS/Desktop/Proyecto de Grado/FPGA-robot/RTL_COMPONENTS/CC_EQUAL.v Line: 22
Info (12021): Found 1 design units, including 1 entities, in source file bb_system.v
    Info (12023): Found entity 1: BB_SYSTEM File: C:/Users/USUARIO WINDOWS/Desktop/Proyecto de Grado/FPGA-robot/Position_calculator/BB_SYSTEM.v Line: 5
Info (12021): Found 1 design units, including 1 entities, in source file /users/usuario windows/desktop/proyecto de grado/fpga-robot/rtl_components/pos_calculator.v
    Info (12023): Found entity 1: POS_CALCULATOR File: C:/Users/USUARIO WINDOWS/Desktop/Proyecto de Grado/FPGA-robot/RTL_COMPONENTS/POS_CALCULATOR.v Line: 5
Info (12021): Found 1 design units, including 1 entities, in source file /users/usuario windows/desktop/proyecto de grado/fpga-robot/rtl_components/sc_regacc.v
    Info (12023): Found entity 1: SC_REGACC File: C:/Users/USUARIO WINDOWS/Desktop/Proyecto de Grado/FPGA-robot/RTL_COMPONENTS/SC_REGACC.v Line: 6
Info (12127): Elaborating entity "BB_SYSTEM" for the top level hierarchy
Info (12128): Elaborating entity "POS_CALCULATOR" for hierarchy "POS_CALCULATOR:U0" File: C:/Users/USUARIO WINDOWS/Desktop/Proyecto de Grado/FPGA-robot/Position_calculator/BB_SYSTEM.v Line: 63
Info (12128): Elaborating entity "SC_STATEMACHINE_MULT" for hierarchy "POS_CALCULATOR:U0|SC_STATEMACHINE_MULT:mult_machine" File: C:/Users/USUARIO WINDOWS/Desktop/Proyecto de Grado/FPGA-robot/RTL_COMPONENTS/POS_CALCULATOR.v Line: 100
Info (12128): Elaborating entity "qmults" for hierarchy "POS_CALCULATOR:U0|qmults:mult_vx" File: C:/Users/USUARIO WINDOWS/Desktop/Proyecto de Grado/FPGA-robot/RTL_COMPONENTS/POS_CALCULATOR.v Line: 114
Info (12128): Elaborating entity "SC_REGGENERAL" for hierarchy "POS_CALCULATOR:U0|SC_REGGENERAL:register_mult_vx" File: C:/Users/USUARIO WINDOWS/Desktop/Proyecto de Grado/FPGA-robot/RTL_COMPONENTS/POS_CALCULATOR.v Line: 124
Info (12128): Elaborating entity "qadd" for hierarchy "POS_CALCULATOR:U0|qadd:add_vx" File: C:/Users/USUARIO WINDOWS/Desktop/Proyecto de Grado/FPGA-robot/RTL_COMPONENTS/POS_CALCULATOR.v Line: 132
Info (12128): Elaborating entity "SC_REGACC" for hierarchy "POS_CALCULATOR:U0|SC_REGACC:reg_accumulator_posx" File: C:/Users/USUARIO WINDOWS/Desktop/Proyecto de Grado/FPGA-robot/RTL_COMPONENTS/POS_CALCULATOR.v Line: 143
Info (12128): Elaborating entity "SC_REGACC" for hierarchy "POS_CALCULATOR:U0|SC_REGACC:reg_accumulator_theta" File: C:/Users/USUARIO WINDOWS/Desktop/Proyecto de Grado/FPGA-robot/RTL_COMPONENTS/POS_CALCULATOR.v Line: 230
Info (13000): Registers with preset signals will power-up high File: C:/Users/USUARIO WINDOWS/Desktop/Proyecto de Grado/FPGA-robot/RTL_COMPONENTS/SC_REGACC.v Line: 57
Info (13003): DEV_CLRn pin will set, and not reset, register with preset signal due to NOT Gate Push-Back
Info (286030): Timing-Driven Synthesis is running
Info (17049): 85 registers lost all their fanouts during netlist optimizations.
Info (144001): Generated suppressed messages file C:/Users/USUARIO WINDOWS/Desktop/Proyecto de Grado/FPGA-robot/Position_calculator/output_files/BB_SYSTEM.map.smsg
Info (16010): Generating hard_block partition "hard_block:auto_generated_inst"
    Info (16011): Adding 0 node(s), including 0 DDIO, 0 PLL, 0 transceiver and 0 LCELL
Info (21057): Implemented 1400 device resources after synthesis - the final resource count might be different
    Info (21058): Implemented 99 input pins
    Info (21059): Implemented 96 output pins
    Info (21061): Implemented 1205 logic cells
Info: Quartus Prime Analysis & Synthesis was successful. 0 errors, 1 warning
    Info: Peak virtual memory: 634 megabytes
    Info: Processing ended: Mon Oct 18 11:06:30 2021
    Info: Elapsed time: 00:00:14
    Info: Total CPU time (on all processors): 00:00:27


+------------------------------------------+
; Analysis & Synthesis Suppressed Messages ;
+------------------------------------------+
The suppressed messages can be found in C:/Users/USUARIO WINDOWS/Desktop/Proyecto de Grado/FPGA-robot/Position_calculator/output_files/BB_SYSTEM.map.smsg.


